// Jest Snapshot v1, https://goo.gl/fbAQLP

exports[`NewGroupDialog renders successfully 1`] = `<button class="q-btn q-btn-item non-selectable no-outline q-btn--standard q-btn--rectangle bg-primary text-white q-btn--actionable q-focusable q-hoverable" tabindex="0" type="button"><span class="q-focus-helper"></span><span class="q-btn__content text-center col items-center q-anchor--skip justify-center row"><i class="q-icon on-left notranslate material-icons" aria-hidden="true" role="img">add</i><span class="block">Add group</span></span></button>`;
