// Jest Snapshot v1, https://goo.gl/fbAQLP

exports[`ToolCard renders successfully 1`] = `
<div class="q-card q-card--bordered q-card--flat no-shadow cursor-pointer">
  <div class="q-card__section q-card__section--vert q-px-xs q-py-md">
    <div class="flex justify-center"><img class="image" src="https://cdn.quasar.dev/logo-v2/svg/logo.svg" alt="React Official Website"></div>
  </div>
  <div class="q-card__section q-card__section--vert q-pa-xs q-pl-md">
    <div class="flex items-center no-wrap">
      <div class="column"><span class="text-primary">React Official Website</span>
        <!--v-if-->
      </div>
      <div class="q-space"></div><button class="q-btn q-btn-item non-selectable no-outline q-btn--flat q-btn--round text-red q-btn--actionable q-focusable q-hoverable" tabindex="0" type="button"><span class="q-focus-helper"></span><span class="q-btn__content text-center col items-center q-anchor--skip justify-center row"><i class="q-icon notranslate material-icons" aria-hidden="true" role="img">delete</i></span></button>
    </div>
  </div>
</div>
`;
